// Jest Snapshot v1, https://goo.gl/fbAQLP

exports[`<Home /> Home component UI snapshot 1`] = `
<main
  className="home"
>
  <header
    className="header"
  >
    <h1
      className="header__title"
    >
      Hi!
      <br />
      What do you want to
      <br />
      calculate?
    </h1>
  </header>
  <form
    action=""
    onSubmit={[Function]}
  >
    <div
      className="home__form isHome"
    >
      <input
        className="home__form--input"
      />
      <svg
        aria-hidden="true"
        className="svg-inline--fa fa-chevron-left fa-w-10 home__form--icon"
        data-icon="chevron-left"
        data-prefix="fas"
        focusable="false"
        onClick={[Function]}
        role="img"
        style={Object {}}
        viewBox="0 0 320 512"
        xmlns="http://www.w3.org/2000/svg"
      >
        <path
          d="M34.52 239.03L228.87 44.69c9.37-9.37 24.57-9.37 33.94 0l22.67 22.67c9.36 9.36 9.37 24.52.04 33.9L131.49 256l154.02 154.75c9.34 9.38 9.32 24.54-.04 33.9l-22.67 22.67c-9.37 9.37-24.57 9.37-33.94 0L34.52 272.97c-9.37-9.37-9.37-24.57 0-33.94z"
          fill="currentColor"
          style={Object {}}
        />
      </svg>
    </div>
    <div
      className="home__listBox"
    >
      <ul>
        <a
          className="home__listBox--listItem"
          href="/average"
          onClick={[Function]}
        >
          Average
        </a>
        <a
          className="home__listBox--listItem"
          href="/geo"
          onClick={[Function]}
        >
          Geometric Shapes
        </a>
        <a
          className="home__listBox--listItem"
          href="/median"
          onClick={[Function]}
        >
          Median
        </a>
        <a
          className="home__listBox--listItem"
          href="/mode"
          onClick={[Function]}
        >
          Mode
        </a>
        <a
          className="home__listBox--listItem"
          href="/"
          onClick={[Function]}
        >
          Percentage & Discounts
        </a>
        <a
          className="home__listBox--listItem"
          href="/salary"
          onClick={[Function]}
        >
          Salary Analysis
        </a>
      </ul>
    </div>
  </form>
</main>
`;
